>export def --env my-function --env [] {}
#^^^^^^^^^^^^^^^^ source.nushell entity.name.function.nushell
#                ^ source.nushell
#                 ^^^^^^^^^^^^^^^^^^ source.nushell entity.name.type.nushell entity.name.type.nushell
#                                   ^ source.nushell meta.function.parameters.nushell meta.brace.square.begin.nushell
#                                    ^ source.nushell meta.function.parameters.nushell meta.brace.square.end.nushell
#                                     ^ source.nushell
#                                      ^ source.nushell meta.function.body.nushell punctuation.definition.function.begin.nushell
#                                       ^ source.nushell meta.function.body.nushell punctuation.definition.function.end.nushell
>
>export def --env "my function1" --env [] {}
#^^^^^^^^^^^^^^^^ source.nushell entity.name.function.nushell
#                ^ source.nushell
#                 ^ source.nushell entity.name.type.nushell
#                  ^^^^^^^^^^^^ source.nushell entity.name.type.nushell entity.name.type.nushell
#                              ^ source.nushell entity.name.type.nushell
#                               ^^^^^^ source.nushell entity.name.type.nushell
#                                     ^ source.nushell
#                                      ^ source.nushell meta.function.parameters.nushell meta.brace.square.begin.nushell
#                                       ^ source.nushell meta.function.parameters.nushell meta.brace.square.end.nushell
#                                        ^ source.nushell
#                                         ^ source.nushell meta.function.body.nushell punctuation.definition.function.begin.nushell
#                                          ^ source.nushell meta.function.body.nushell punctuation.definition.function.end.nushell
>
>export def --env 'my function2' --env [] {}
#^^^^^^^^^^^^^^^^ source.nushell entity.name.function.nushell
#                ^ source.nushell
#                 ^ source.nushell entity.name.type.nushell
#                  ^^^^^^^^^^^^ source.nushell entity.name.type.nushell entity.name.type.nushell
#                              ^ source.nushell entity.name.type.nushell
#                               ^^^^^^ source.nushell entity.name.type.nushell
#                                     ^ source.nushell
#                                      ^ source.nushell meta.function.parameters.nushell meta.brace.square.begin.nushell
#                                       ^ source.nushell meta.function.parameters.nushell meta.brace.square.end.nushell
#                                        ^ source.nushell
#                                         ^ source.nushell meta.function.body.nushell punctuation.definition.function.begin.nushell
#                                          ^ source.nushell meta.function.body.nushell punctuation.definition.function.end.nushell
>
>export def --env  my_function --env [] {}
#^^^^^^^^^^^^^^^^ source.nushell entity.name.function.nushell
#                ^^ source.nushell
#                  ^^^^^^^^^^^^^^^^^^ source.nushell entity.name.type.nushell entity.name.type.nushell
#                                    ^ source.nushell meta.function.parameters.nushell meta.brace.square.begin.nushell
#                                     ^ source.nushell meta.function.parameters.nushell meta.brace.square.end.nushell
#                                      ^ source.nushell
#                                       ^ source.nushell meta.function.body.nushell punctuation.definition.function.begin.nushell
#                                        ^ source.nushell meta.function.body.nushell punctuation.definition.function.end.nushell
>
>export def  --env "my_function1" --env [] {}
#^^^^^^^^^^^^^^^^^ source.nushell entity.name.function.nushell
#                 ^ source.nushell
#                  ^ source.nushell entity.name.type.nushell
#                   ^^^^^^^^^^^^ source.nushell entity.name.type.nushell entity.name.type.nushell
#                               ^ source.nushell entity.name.type.nushell
#                                ^^^^^^ source.nushell entity.name.type.nushell
#                                      ^ source.nushell
#                                       ^ source.nushell meta.function.parameters.nushell meta.brace.square.begin.nushell
#                                        ^ source.nushell meta.function.parameters.nushell meta.brace.square.end.nushell
#                                         ^ source.nushell
#                                          ^ source.nushell meta.function.body.nushell punctuation.definition.function.begin.nushell
#                                           ^ source.nushell meta.function.body.nushell punctuation.definition.function.end.nushell
>
>export def --env 'my_function2' --env [] {}
#^^^^^^^^^^^^^^^^ source.nushell entity.name.function.nushell
#                ^ source.nushell
#                 ^ source.nushell entity.name.type.nushell
#                  ^^^^^^^^^^^^ source.nushell entity.name.type.nushell entity.name.type.nushell
#                              ^ source.nushell entity.name.type.nushell
#                               ^^^^^^ source.nushell entity.name.type.nushell
#                                     ^ source.nushell
#                                      ^ source.nushell meta.function.parameters.nushell meta.brace.square.begin.nushell
#                                       ^ source.nushell meta.function.parameters.nushell meta.brace.square.end.nushell
#                                        ^ source.nushell
#                                         ^ source.nushell meta.function.body.nushell punctuation.definition.function.begin.nushell
#                                          ^ source.nushell meta.function.body.nushell punctuation.definition.function.end.nushell
>